[demo.tailadmin.com/index.html]
[backblue.gif]
[fade.gif]
[index.html]
[demo.tailadmin.com/favicon.ico]
[demo.tailadmin.com/style.css]
[demo.tailadmin.com/src/images/logo/logo.svg]
[demo.tailadmin.com/src/images/logo/logo-dark.svg]
[demo.tailadmin.com/src/images/logo/logo-icon.svg]
[demo.tailadmin.com/analytics.html]
[demo.tailadmin.com/marketing.html]
[demo.tailadmin.com/crm.html]
[demo.tailadmin.com/stocks.html]
[demo.tailadmin.com/saas.html]
[demo.tailadmin.com/logistics.html]
[demo.tailadmin.com/text-generator.html]
[demo.tailadmin.com/image-generator.html]
[demo.tailadmin.com/code-generator.html]
[demo.tailadmin.com/video-generator.html]
[demo.tailadmin.com/products-list.html]
[demo.tailadmin.com/add-product.html]
[demo.tailadmin.com/billing.html]
[demo.tailadmin.com/invoices.html]
[demo.tailadmin.com/single-invoice.html]
[demo.tailadmin.com/create-invoice.html]
[demo.tailadmin.com/transactions.html]
[demo.tailadmin.com/single-transaction.html]
[demo.tailadmin.com/calendar.html]
[demo.tailadmin.com/profile.html]
[demo.tailadmin.com/task-list.html]
[demo.tailadmin.com/task-kanban.html]
[demo.tailadmin.com/form-elements.html]
[demo.tailadmin.com/form-layout.html]
[demo.tailadmin.com/basic-tables.html]
[demo.tailadmin.com/data-tables.html]
[demo.tailadmin.com/file-manager.html]
[demo.tailadmin.com/pricing-tables.html]
[demo.tailadmin.com/faq.html]
[demo.tailadmin.com/api-keys.html]
[demo.tailadmin.com/integrations.html]
[demo.tailadmin.com/blank.html]
[demo.tailadmin.com/404.html]
[demo.tailadmin.com/500.html]
[demo.tailadmin.com/503.html]
[demo.tailadmin.com/coming-soon.html]
[demo.tailadmin.com/maintenance.html]
[demo.tailadmin.com/success.html]
[demo.tailadmin.com/chat.html]
[demo.tailadmin.com/support-tickets.html]
[demo.tailadmin.com/support-ticket-reply.html]
[demo.tailadmin.com/inbox.html]
[demo.tailadmin.com/inbox-details.html]
[demo.tailadmin.com/line-chart.html]
[demo.tailadmin.com/bar-chart.html]
[demo.tailadmin.com/pie-chart.html]
[demo.tailadmin.com/alerts.html]
[demo.tailadmin.com/avatars.html]
[demo.tailadmin.com/badge.html]
[demo.tailadmin.com/breadcrumb.html]
[demo.tailadmin.com/buttons.html]
[demo.tailadmin.com/buttons-group.html]
[demo.tailadmin.com/cards.html]
[demo.tailadmin.com/carousel.html]
[demo.tailadmin.com/dropdowns.html]
[demo.tailadmin.com/images.html]
[demo.tailadmin.com/links.html]
[demo.tailadmin.com/list.html]
[demo.tailadmin.com/modals.html]
[demo.tailadmin.com/notifications.html]
[demo.tailadmin.com/pagination.html]
[demo.tailadmin.com/popovers.html]
[demo.tailadmin.com/progress-bar.html]
[demo.tailadmin.com/ribbons.html]
[demo.tailadmin.com/spinners.html]
[demo.tailadmin.com/tabs.html]
[demo.tailadmin.com/tooltips.html]
[demo.tailadmin.com/videos.html]
[demo.tailadmin.com/signin.html]
[demo.tailadmin.com/signup.html]
[demo.tailadmin.com/reset-password.html]
[demo.tailadmin.com/two-step-verification.html]
[demo.tailadmin.com/src/images/user/user-02.jpg]
[demo.tailadmin.com/src/images/user/user-03.jpg]
[demo.tailadmin.com/src/images/user/user-04.jpg]
[demo.tailadmin.com/src/images/user/user-05.jpg]
[demo.tailadmin.com/src/images/user/owner.png]
[demo.tailadmin.com/cdn-cgi/l/email-protection]
[demo.tailadmin.com/src/images/country/country-01.svg]
[demo.tailadmin.com/src/images/country/country-02.svg]
[demo.tailadmin.com/src/images/product/product-01.jpg]
[demo.tailadmin.com/src/images/product/product-02.jpg]
[demo.tailadmin.com/src/images/product/product-03.jpg]
[demo.tailadmin.com/src/images/product/product-04.jpg]
[demo.tailadmin.com/src/images/product/product-05.jpg]
[demo.tailadmin.com/cdn-cgi/scripts/5c5dd728/cloudflare-static/email-decode.min.js]
[demo.tailadmin.com/index.html]
[demo.tailadmin.com/style.css]
[demo.tailadmin.com/cdn-cgi/zaraz/sd0d9.js]
[demo.tailadmin.com/src/images/logo/logo.svg]
[demo.tailadmin.com/src/images/logo/logo-dark.svg]
[demo.tailadmin.com/src/images/logo/logo-icon.svg]
[demo.tailadmin.com/bundle.js]
[demo.tailadmin.com/src/images/country/country-03.svg]
[demo.tailadmin.com/src/images/country/country-04.svg]
[demo.tailadmin.com/src/images/country/country-05.svg]
[demo.tailadmin.com/src/images/country/country-06.svg]
[demo.tailadmin.com/src/images/country/country-07.svg]
[demo.tailadmin.com/analytics.html]
[demo.tailadmin.com/src/images/country/country-08.svg]
[demo.tailadmin.com/src/images/user/user-01.jpg]
[demo.tailadmin.com/src/images/brand/brand-01.svg]
[demo.tailadmin.com/src/images/brand/brand-02.svg]
[demo.tailadmin.com/src/images/brand/brand-03.svg]
[demo.tailadmin.com/src/images/brand/brand-04.svg]
[demo.tailadmin.com/src/images/user/user-06.jpg]
[demo.tailadmin.com/src/images/brand/brand-05.svg]
[demo.tailadmin.com/marketing.html]
[demo.tailadmin.com/src/images/brand/brand-06.svg]
[demo.tailadmin.com/crm.html]
[demo.tailadmin.com/src/images/brand/brand-08.svg]
[demo.tailadmin.com/src/images/brand/brand-09.svg]
[demo.tailadmin.com/src/images/brand/brand-07.svg]
[demo.tailadmin.com/src/images/brand/brand-10.svg]
[demo.tailadmin.com/src/images/brand/brand-11.svg]
[demo.tailadmin.com/src/images/brand/brand-12.svg]
[demo.tailadmin.com/src/images/brand/brand-13.svg]
[demo.tailadmin.com/src/images/brand/brand-14.svg]
[demo.tailadmin.com/stocks.html]
[demo.tailadmin.com/src/images/brand/brand-15.svg]
[demo.tailadmin.com/saas.html]
[demo.tailadmin.com/src/images/logistics/truck.png]
[demo.tailadmin.com/src/images/logistics/avatar-1.png]
[demo.tailadmin.com/logistics.html]
[demo.tailadmin.com/text-generator.html]
[demo.tailadmin.com/src/images/ai/img-lg.png]
[demo.tailadmin.com/src/images/ai/img-md-1.png]
[demo.tailadmin.com/src/images/ai/img-md-2.png]
[demo.tailadmin.com/image-generator.html]
[demo.tailadmin.com/code-generator.html]
[demo.tailadmin.com/src/images/ai/video-thumb.png]
[demo.tailadmin.com/video-generator.html]
[demo.tailadmin.com/products-list.html]
[demo.tailadmin.com/add-product.html]
[demo.tailadmin.com/billing.html]
[demo.tailadmin.com/invoices.html]
[demo.tailadmin.com/single-invoice.html]
[demo.tailadmin.com/create-invoice.html]
[demo.tailadmin.com/transactions.html]
[demo.tailadmin.com/single-transaction.html]
[demo.tailadmin.com/calendar.html]
[demo.tailadmin.com/src/images/user/owner.jpg]
[demo.tailadmin.com/profile.html]
[demo.tailadmin.com/src/images/user/user-13.jpg]
[demo.tailadmin.com/src/images/user/user-15.jpg]
[demo.tailadmin.com/src/images/user/user-09.jpg]
[demo.tailadmin.com/src/images/user/user-10.jpg]
[demo.tailadmin.com/src/images/user/user-11.jpg]
[demo.tailadmin.com/src/images/user/user-12.jpg]
[demo.tailadmin.com/src/images/task/pdf.svg]
[demo.tailadmin.com/src/images/task/google-drive.svg]
[demo.tailadmin.com/src/images/user/user-14.jpg]
[demo.tailadmin.com/task-list.html]
[demo.tailadmin.com/src/images/user/user-07.jpg]
[demo.tailadmin.com/src/images/user/user-08.jpg]
[demo.tailadmin.com/src/images/task/task.png]
[demo.tailadmin.com/src/images/user/user-16.jpg]
[demo.tailadmin.com/task-kanban.html]
[demo.tailadmin.com/form-elements.html]
[demo.tailadmin.com/form-layout.html]
[demo.tailadmin.com/src/images/user/user-17.jpg]
[demo.tailadmin.com/src/images/user/user-22.jpg]
[demo.tailadmin.com/src/images/user/user-23.jpg]
[demo.tailadmin.com/src/images/user/user-24.jpg]
[demo.tailadmin.com/src/images/user/user-18.jpg]
[demo.tailadmin.com/src/images/user/user-25.jpg]
[demo.tailadmin.com/src/images/user/user-26.jpg]
[demo.tailadmin.com/src/images/user/user-19.jpg]
[demo.tailadmin.com/src/images/user/user-27.jpg]
[demo.tailadmin.com/src/images/user/user-20.jpg]
[demo.tailadmin.com/src/images/user/user-28.jpg]
[demo.tailadmin.com/src/images/user/user-29.jpg]
[demo.tailadmin.com/src/images/user/user-30.jpg]
[demo.tailadmin.com/src/images/user/user-21.jpg]
[demo.tailadmin.com/src/images/user/user-31.jpg]
[demo.tailadmin.com/src/images/user/user-32.jpg]
[demo.tailadmin.com/src/images/user/user-33.jpg]
[demo.tailadmin.com/basic-tables.html]
[demo.tailadmin.com/data-tables.html]
[demo.tailadmin.com/src/images/icons/file-video.svg]
[demo.tailadmin.com/src/images/icons/file-video-dark.svg]
[demo.tailadmin.com/src/images/icons/file-image.svg]
[demo.tailadmin.com/src/images/icons/file-image-dark.svg]
[demo.tailadmin.com/src/images/icons/file-pdf.svg]
[demo.tailadmin.com/file-manager.html]
[demo.tailadmin.com/src/images/icons/file-pdf-dark.svg]
[demo.tailadmin.com/pricing-tables.html]
[demo.tailadmin.com/faq.html]
[demo.tailadmin.com/api-keys.html]
[demo.tailadmin.com/integrations.html]
[demo.tailadmin.com/blank.html]
[demo.tailadmin.com/src/images/shape/grid-01.svg]
[demo.tailadmin.com/src/images/error/404.svg]
[demo.tailadmin.com/src/images/error/404-dark.svg]
[demo.tailadmin.com/404.html]
[demo.tailadmin.com/src/images/error/500.svg]
[demo.tailadmin.com/src/images/error/500-dark.svg]
[demo.tailadmin.com/500.html]
[demo.tailadmin.com/src/images/error/503.svg]
[demo.tailadmin.com/src/images/error/503-dark.svg]
[demo.tailadmin.com/503.html]
[demo.tailadmin.com/coming-soon.html]
[demo.tailadmin.com/src/images/error/maintenance.svg]
[demo.tailadmin.com/src/images/error/maintenance-dark.svg]
[demo.tailadmin.com/maintenance.html]
[demo.tailadmin.com/src/images/error/success.svg]
[demo.tailadmin.com/src/images/error/success-dark.svg]
[demo.tailadmin.com/success.html]
[demo.tailadmin.com/src/images/user/user-34.jpg]
[demo.tailadmin.com/src/images/user/user-35.jpg]
[demo.tailadmin.com/src/images/user/user-36.jpg]
[demo.tailadmin.com/src/images/user/user-37.jpg]
[demo.tailadmin.com/src/images/chat/chat.jpg]
[demo.tailadmin.com/chat.html]
[demo.tailadmin.com/support-tickets.html]
[demo.tailadmin.com/src/images/support/user-1.jpg]
[demo.tailadmin.com/src/images/support/user-2.jpg]
[demo.tailadmin.com/support-ticket-reply.html]
[demo.tailadmin.com/inbox.html]
[demo.tailadmin.com/inbox-details.html]
[demo.tailadmin.com/line-chart.html]
[demo.tailadmin.com/bar-chart.html]
[demo.tailadmin.com/pie-chart.html]
[demo.tailadmin.com/alerts.html]
[demo.tailadmin.com/avatars.html]
[demo.tailadmin.com/badge.html]
[demo.tailadmin.com/breadcrumb.html]
[demo.tailadmin.com/buttons.html]
[demo.tailadmin.com/buttons-group.html]
[demo.tailadmin.com/src/images/cards/card-01.png]
[demo.tailadmin.com/src/images/cards/card-02.png]
[demo.tailadmin.com/src/images/cards/card-03.png]
[demo.tailadmin.com/cards.html]
[demo.tailadmin.com/src/images/carousel/carousel-01.png]
[demo.tailadmin.com/src/images/carousel/carousel-02.png]
[demo.tailadmin.com/src/images/carousel/carousel-03.png]
[demo.tailadmin.com/src/images/carousel/carousel-04.png]
[demo.tailadmin.com/carousel.html]
[demo.tailadmin.com/dropdowns.html]
[demo.tailadmin.com/src/images/grid-image/image-01.png]
[demo.tailadmin.com/src/images/grid-image/image-02.png]
[demo.tailadmin.com/src/images/grid-image/image-03.png]
[demo.tailadmin.com/src/images/grid-image/image-04.png]
[demo.tailadmin.com/src/images/grid-image/image-05.png]
[demo.tailadmin.com/images.html]
[demo.tailadmin.com/src/images/grid-image/image-06.png]
[demo.tailadmin.com/links.html]
[demo.tailadmin.com/list.html]
[demo.tailadmin.com/modals.html]
[demo.tailadmin.com/notifications.html]
[demo.tailadmin.com/pagination.html]
[demo.tailadmin.com/popovers.html]
[demo.tailadmin.com/progress-bar.html]
[demo.tailadmin.com/ribbons.html]
[demo.tailadmin.com/spinners.html]
[demo.tailadmin.com/tabs.html]
[demo.tailadmin.com/tooltips.html]
[demo.tailadmin.com/videos.html]
[demo.tailadmin.com/signin.html]
[demo.tailadmin.com/src/images/logo/auth-logo.svg]
[demo.tailadmin.com/signup.html]
[demo.tailadmin.com/reset-password.html]
[demo.tailadmin.com/two-step-verification.html]
[demo.tailadmin.com/cdn-cgi/l/email-protection.html]
[demo.tailadmin.com/src/images/country/country-01.svg]
[demo.tailadmin.com/src/images/country/country-02.svg]
[demo.tailadmin.com/src/images/country/country-03.svg]
[demo.tailadmin.com/src/images/country/country-04.svg]
[demo.tailadmin.com/src/images/country/country-05.svg]
[demo.tailadmin.com/src/images/country/country-06.svg]
[demo.tailadmin.com/src/images/country/country-07.svg]
[demo.tailadmin.com/src/images/country/country-08.svg]
[demo.tailadmin.com/src/images/brand/brand-01.svg]
[demo.tailadmin.com/src/images/brand/brand-02.svg]
[demo.tailadmin.com/src/images/brand/brand-03.svg]
[demo.tailadmin.com/src/images/brand/brand-04.svg]
[demo.tailadmin.com/src/images/brand/brand-05.svg]
[demo.tailadmin.com/src/images/brand/brand-06.svg]
[demo.tailadmin.com/src/images/brand/brand-07.svg]
[demo.tailadmin.com/src/images/brand/brand-08.svg]
[demo.tailadmin.com/src/images/brand/brand-09.svg]
[demo.tailadmin.com/src/images/brand/brand-10.svg]
[demo.tailadmin.com/src/images/brand/brand-11.svg]
[demo.tailadmin.com/src/images/brand/brand-12.svg]
[demo.tailadmin.com/src/images/brand/brand-13.svg]
[demo.tailadmin.com/src/images/brand/brand-14.svg]
[demo.tailadmin.com/src/images/brand/brand-15.svg]
[demo.tailadmin.com/src/images/task/pdf.svg]
[demo.tailadmin.com/src/images/task/google-drive.svg]
[demo.tailadmin.com/src/images/icons/file-video.svg]
[demo.tailadmin.com/src/images/icons/file-video-dark.svg]
[demo.tailadmin.com/src/images/icons/file-image.svg]
[demo.tailadmin.com/src/images/icons/file-image-dark.svg]
[demo.tailadmin.com/src/images/icons/file-pdf.svg]
[demo.tailadmin.com/src/images/icons/file-pdf-dark.svg]
[demo.tailadmin.com/src/images/shape/grid-01.svg]
[demo.tailadmin.com/src/images/error/404.svg]
[demo.tailadmin.com/src/images/error/404-dark.svg]
[demo.tailadmin.com/src/images/error/500.svg]
[demo.tailadmin.com/src/images/error/500-dark.svg]
[demo.tailadmin.com/src/images/error/503.svg]
[demo.tailadmin.com/src/images/error/503-dark.svg]
[demo.tailadmin.com/src/images/error/maintenance.svg]
[demo.tailadmin.com/src/images/error/maintenance-dark.svg]
[demo.tailadmin.com/src/images/error/success.svg]
[demo.tailadmin.com/src/images/error/success-dark.svg]
[demo.tailadmin.com/src/images/logo/auth-logo.svg]
